Archive member included to satisfy reference by file (symbol)

c:/ac6/systemworkbench/plugins/fr.ac6.mcu.externaltools.arm-none.win32_1.17.0.201812190825/tools/compiler/bin/../lib/gcc/arm-none-eabi/7.3.1/../../../../arm-none-eabi/lib/thumb/v6-m\libstdc++_nano.a(pure.o)
                              src/Display/Graphic.o (__cxa_pure_virtual)
c:/ac6/systemworkbench/plugins/fr.ac6.mcu.externaltools.arm-none.win32_1.17.0.201812190825/tools/compiler/bin/../lib/gcc/arm-none-eabi/7.3.1/../../../../arm-none-eabi/lib/thumb/v6-m\libstdc++_nano.a(eh_terminate.o)
                              c:/ac6/systemworkbench/plugins/fr.ac6.mcu.externaltools.arm-none.win32_1.17.0.201812190825/tools/compiler/bin/../lib/gcc/arm-none-eabi/7.3.1/../../../../arm-none-eabi/lib/thumb/v6-m\libstdc++_nano.a(pure.o) (std::terminate())
c:/ac6/systemworkbench/plugins/fr.ac6.mcu.externaltools.arm-none.win32_1.17.0.201812190825/tools/compiler/bin/../lib/gcc/arm-none-eabi/7.3.1/../../../../arm-none-eabi/lib/thumb/v6-m\libstdc++_nano.a(eh_term_handler.o)
                              c:/ac6/systemworkbench/plugins/fr.ac6.mcu.externaltools.arm-none.win32_1.17.0.201812190825/tools/compiler/bin/../lib/gcc/arm-none-eabi/7.3.1/../../../../arm-none-eabi/lib/thumb/v6-m\libstdc++_nano.a(eh_terminate.o) (__cxxabiv1::__terminate_handler)
c:/ac6/systemworkbench/plugins/fr.ac6.mcu.externaltools.arm-none.win32_1.17.0.201812190825/tools/compiler/bin/../lib/gcc/arm-none-eabi/7.3.1/../../../../arm-none-eabi/lib/thumb/v6-m\libstdc++_nano.a(eh_unex_handler.o)
                              c:/ac6/systemworkbench/plugins/fr.ac6.mcu.externaltools.arm-none.win32_1.17.0.201812190825/tools/compiler/bin/../lib/gcc/arm-none-eabi/7.3.1/../../../../arm-none-eabi/lib/thumb/v6-m\libstdc++_nano.a(eh_terminate.o) (__cxxabiv1::__unexpected_handler)
c:/ac6/systemworkbench/plugins/fr.ac6.mcu.externaltools.arm-none.win32_1.17.0.201812190825/tools/compiler/bin/../lib/gcc/arm-none-eabi/7.3.1/../../../../arm-none-eabi/lib/thumb/v6-m\libm.a(lib_a-sf_cos.o)
                              src/Display/Complex_GFX.o (cosf)
c:/ac6/systemworkbench/plugins/fr.ac6.mcu.externaltools.arm-none.win32_1.17.0.201812190825/tools/compiler/bin/../lib/gcc/arm-none-eabi/7.3.1/../../../../arm-none-eabi/lib/thumb/v6-m\libm.a(lib_a-sf_floor.o)
                              src/Display/Complex_GFX.o (floorf)
c:/ac6/systemworkbench/plugins/fr.ac6.mcu.externaltools.arm-none.win32_1.17.0.201812190825/tools/compiler/bin/../lib/gcc/arm-none-eabi/7.3.1/../../../../arm-none-eabi/lib/thumb/v6-m\libm.a(lib_a-sf_sin.o)
                              src/Display/Complex_GFX.o (sinf)
c:/ac6/systemworkbench/plugins/fr.ac6.mcu.externaltools.arm-none.win32_1.17.0.201812190825/tools/compiler/bin/../lib/gcc/arm-none-eabi/7.3.1/../../../../arm-none-eabi/lib/thumb/v6-m\libm.a(lib_a-wf_sqrt.o)
                              src/Display/Complex_GFX.o (sqrtf)
c:/ac6/systemworkbench/plugins/fr.ac6.mcu.externaltools.arm-none.win32_1.17.0.201812190825/tools/compiler/bin/../lib/gcc/arm-none-eabi/7.3.1/../../../../arm-none-eabi/lib/thumb/v6-m\libm.a(lib_a-ef_rem_pio2.o)
                              c:/ac6/systemworkbench/plugins/fr.ac6.mcu.externaltools.arm-none.win32_1.17.0.201812190825/tools/compiler/bin/../lib/gcc/arm-none-eabi/7.3.1/../../../../arm-none-eabi/lib/thumb/v6-m\libm.a(lib_a-sf_cos.o) (__ieee754_rem_pio2f)
c:/ac6/systemworkbench/plugins/fr.ac6.mcu.externaltools.arm-none.win32_1.17.0.201812190825/tools/compiler/bin/../lib/gcc/arm-none-eabi/7.3.1/../../../../arm-none-eabi/lib/thumb/v6-m\libm.a(lib_a-ef_sqrt.o)
                              c:/ac6/systemworkbench/plugins/fr.ac6.mcu.externaltools.arm-none.win32_1.17.0.201812190825/tools/compiler/bin/../lib/gcc/arm-none-eabi/7.3.1/../../../../arm-none-eabi/lib/thumb/v6-m\libm.a(lib_a-wf_sqrt.o) (__ieee754_sqrtf)
c:/ac6/systemworkbench/plugins/fr.ac6.mcu.externaltools.arm-none.win32_1.17.0.201812190825/tools/compiler/bin/../lib/gcc/arm-none-eabi/7.3.1/../../../../arm-none-eabi/lib/thumb/v6-m\libm.a(lib_a-kf_cos.o)
                              c:/ac6/systemworkbench/plugins/fr.ac6.mcu.externaltools.arm-none.win32_1.17.0.201812190825/tools/compiler/bin/../lib/gcc/arm-none-eabi/7.3.1/../../../../arm-none-eabi/lib/thumb/v6-m\libm.a(lib_a-sf_cos.o) (__kernel_cosf)
c:/ac6/systemworkbench/plugins/fr.ac6.mcu.externaltools.arm-none.win32_1.17.0.201812190825/tools/compiler/bin/../lib/gcc/arm-none-eabi/7.3.1/../../../../arm-none-eabi/lib/thumb/v6-m\libm.a(lib_a-kf_rem_pio2.o)
                              c:/ac6/systemworkbench/plugins/fr.ac6.mcu.externaltools.arm-none.win32_1.17.0.201812190825/tools/compiler/bin/../lib/gcc/arm-none-eabi/7.3.1/../../../../arm-none-eabi/lib/thumb/v6-m\libm.a(lib_a-ef_rem_pio2.o) (__kernel_rem_pio2f)
c:/ac6/systemworkbench/plugins/fr.ac6.mcu.externaltools.arm-none.win32_1.17.0.201812190825/tools/compiler/bin/../lib/gcc/arm-none-eabi/7.3.1/../../../../arm-none-eabi/lib/thumb/v6-m\libm.a(lib_a-kf_sin.o)
[...]
Memory Configuration

Name             Origin             Length             Attributes
RAM              0x20000000         0x00002000         xrw
ROM              0x08000000         0x00010000         xr
*default*        0x00000000         0xffffffff

Linker script and memory map

LOAD c:/ac6/systemworkbench/plugins/fr.ac6.mcu.externaltools.arm-none.win32_1.17.0.201812190825/tools/compiler/bin/../lib/gcc/arm-none-eabi/7.3.1/thumb/v6-m/crti.o
LOAD c:/ac6/systemworkbench/plugins/fr.ac6.mcu.externaltools.arm-none.win32_1.17.0.201812190825/tools/compiler/bin/../lib/gcc/arm-none-eabi/7.3.1/thumb/v6-m/crtbegin.o
LOAD c:/ac6/systemworkbench/plugins/fr.ac6.mcu.externaltools.arm-none.win32_1.17.0.201812190825/tools/compiler/bin/../lib/gcc/arm-none-eabi/7.3.1/../../../../arm-none-eabi/lib/thumb/v6-m/crt0.o
LOAD StdPeriph_Driver/src/stm32f0xx_adc.o
LOAD StdPeriph_Driver/src/stm32f0xx_can.o
LOAD StdPeriph_Driver/src/stm32f0xx_cec.o
LOAD StdPeriph_Driver/src/stm32f0xx_comp.o
LOAD StdPeriph_Driver/src/stm32f0xx_crc.o
LOAD StdPeriph_Driver/src/stm32f0xx_crs.o
LOAD StdPeriph_Driver/src/stm32f0xx_dac.o
LOAD StdPeriph_Driver/src/stm32f0xx_dbgmcu.o
LOAD StdPeriph_Driver/src/stm32f0xx_dma.o
LOAD StdPeriph_Driver/src/stm32f0xx_exti.o
LOAD StdPeriph_Driver/src/stm32f0xx_flash.o
LOAD StdPeriph_Driver/src/stm32f0xx_gpio.o
LOAD StdPeriph_Driver/src/stm32f0xx_i2c.o
LOAD StdPeriph_Driver/src/stm32f0xx_iwdg.o
LOAD StdPeriph_Driver/src/stm32f0xx_misc.o
LOAD StdPeriph_Driver/src/stm32f0xx_pwr.o
LOAD StdPeriph_Driver/src/stm32f0xx_rcc.o
LOAD StdPeriph_Driver/src/stm32f0xx_rtc.o
LOAD StdPeriph_Driver/src/stm32f0xx_spi.o
LOAD StdPeriph_Driver/src/stm32f0xx_syscfg.o
LOAD StdPeriph_Driver/src/stm32f0xx_tim.o
LOAD StdPeriph_Driver/src/stm32f0xx_usart.o
LOAD StdPeriph_Driver/src/stm32f0xx_wwdg.o
LOAD src/ADC/internal/ADC.o
LOAD src/Arduino/Basic.o
LOAD src/DAC/External/MCP48x2.o
LOAD src/Display/Complex_GFX.o
LOAD src/Display/Graphic.o
LOAD src/Display/Fonts/RREFonts/RREFont.o
LOAD src/Display/TFTLCD/ILI9341/ILI9341.o
LOAD src/Display/TFTLCD/SPITFT.o
LOAD src/Display/TFTLCD/ST77xx/ST7735/ST7735.o
LOAD src/Display/TFTLCD/ST77xx/ST7789/ST7789.o
LOAD src/Display/TFTLCD/ST77xx/ST77xx.o
LOAD src/HardwareUart/HWSerial.o
LOAD src/I2CMaster/HWI2C.o
LOAD src/I2CMaster/HWI2C_IT.o
LOAD src/Print/Print.o
LOAD src/Print/WString.o
LOAD src/Print/strconv.o
LOAD src/Print/stream/istream.o
LOAD src/RTC/DS3231.o
LOAD src/RTC/RTC.o
LOAD src/SDcard/FATFS/FatFile.o
LOAD src/SDcard/FATFS/FatFileLFN.o
LOAD src/SDcard/FATFS/FatFilePrint.o
LOAD src/SDcard/FATFS/FatFileSFN.o
LOAD src/SDcard/FATFS/FatVolume.o
LOAD src/SDcard/FATFS/FmtNumber.o
LOAD src/SDcard/spi/SD_SPI.o
LOAD src/Sound/VGM_Player.o
LOAD src/Sound/YM2151/YM2151.o
LOAD src/TIMER/TIMER.o
LOAD src/flash/spi/SPIFlash.o
LOAD src/flash/spi/SPIFlashIO.o
LOAD src/main.o
LOAD src/syscalls.o
LOAD src/system_stm32f0xx.o
LOAD startup/startup_stm32.o
LOAD c:/ac6/systemworkbench/plugins/fr.ac6.mcu.externaltools.arm-none.win32_1.17.0.201812190825/tools/compiler/bin/../lib/gcc/arm-none-eabi/7.3.1/../../../../arm-none-eabi/lib/thumb/v6-m\libstdc++_nano.a
LOAD c:/ac6/systemworkbench/plugins/fr.ac6.mcu.externaltools.arm-none.win32_1.17.0.201812190825/tools/compiler/bin/../lib/gcc/arm-none-eabi/7.3.1/../../../../arm-none-eabi/lib/thumb/v6-m\libm.a
START GROUP
LOAD c:/ac6/systemworkbench/plugins/fr.ac6.mcu.externaltools.arm-none.win32_1.17.0.201812190825/tools/compiler/bin/../lib/gcc/arm-none-eabi/7.3.1/thumb/v6-m\libgcc.a
LOAD c:/ac6/systemworkbench/plugins/fr.ac6.mcu.externaltools.arm-none.win32_1.17.0.201812190825/tools/compiler/bin/../lib/gcc/arm-none-eabi/7.3.1/../../../../arm-none-eabi/lib/thumb/v6-m\libc_nano.a
END GROUP
START GROUP
LOAD c:/ac6/systemworkbench/plugins/fr.ac6.mcu.externaltools.arm-none.win32_1.17.0.201812190825/tools/compiler/bin/../lib/gcc/arm-none-eabi/7.3.1/thumb/v6-m\libgcc.a
LOAD c:/ac6/systemworkbench/plugins/fr.ac6.mcu.externaltools.arm-none.win32_1.17.0.201812190825/tools/compiler/bin/../lib/gcc/arm-none-eabi/7.3.1/../../../../arm-none-eabi/lib/thumb/v6-m\libc_nano.a
END GROUP
LOAD c:/ac6/systemworkbench/plugins/fr.ac6.mcu.externaltools.arm-none.win32_1.17.0.201812190825/tools/compiler/bin/../lib/gcc/arm-none-eabi/7.3.1/thumb/v6-m/crtend.o
LOAD c:/ac6/systemworkbench/plugins/fr.ac6.mcu.externaltools.arm-none.win32_1.17.0.201812190825/tools/compiler/bin/../lib/gcc/arm-none-eabi/7.3.1/thumb/v6-m/crtn.o
                0x20002000                _estack = 0x20002000
                0x00000000                _Min_Heap_Size = 0x0
                0x00000000                _Min_Stack_Size = 0x0

.isr_vector     0x08000000       0xc0
                0x08000000                . = ALIGN (0x4)
 *(.isr_vector)
 .isr_vector    0x08000000       0xc0 startup/startup_stm32.o
                0x08000000                g_pfnVectors
                0x080000c0                . = ALIGN (0x4)

.text           0x080000c0      0x3c8
                0x080000c0                . = ALIGN (0x4)
 *(.text)
 .text          0x080000c0       0x48 c:/ac6/systemworkbench/plugins/fr.ac6.mcu.externaltools.arm-none.win32_1.17.0.201812190825/tools/compiler/bin/../lib/gcc/arm-none-eabi/7.3.1/thumb/v6-m/crtbegin.o
 *(.text*)
 .text.startup._GLOBAL__sub_I__ZN9ADC_Class6tmpregE
                0x08000108       0x18 src/ADC/internal/ADC.o
 .text._Z5delaym
                0x08000120       0x14 src/Arduino/Basic.o
                0x08000120                delay(unsigned long)
 .text.SysTick_Handler
                0x08000134       0x10 src/Arduino/Basic.o
                0x08000134                SysTick_Handler
 .text.startup._GLOBAL__sub_I__ZN8spiflash11Diagnostics12troubleshootEhb
                0x08000144        0xc src/flash/spi/SPIFlash.o
 .text.startup.main
                0x08000150      0x18c src/main.o
                0x08000150                main
 .text.SystemInit
                0x080002dc       0xf8 src/system_stm32f0xx.o
                0x080002dc                SystemInit
 .text.Reset_Handler
                0x080003d4       0x50 startup/startup_stm32.o
                0x080003d4                Reset_Handler
 .text.Default_Handler
                0x08000424        0x2 startup/startup_stm32.o
                0x08000424                TIM1_CC_IRQHandler
                0x08000424                HardFault_Handler
                0x08000424                TIM6_IRQHandler
                0x08000424                PVD_IRQHandler
                0x08000424                PendSV_Handler
                0x08000424                NMI_Handler
                0x08000424                I2C1_IRQHandler
                0x08000424                SPI1_IRQHandler
                0x08000424                EXTI2_3_IRQHandler
                0x08000424                I2C2_IRQHandler
                0x08000424                TIM17_IRQHandler
                0x08000424                RTC_IRQHandler
                0x08000424                TIM16_IRQHandler
                0x08000424                TIM3_IRQHandler
                0x08000424                EXTI4_15_IRQHandler
                0x08000424                RCC_IRQHandler
                0x08000424                Default_Handler
                0x08000424                TIM14_IRQHandler
                0x08000424                ADC_IRQHandler
                0x08000424                DMA1_CH2_3_IRQHandler
                0x08000424                TIM15_IRQHandler
                0x08000424                EXTI0_1_IRQHandler
                0x08000424                USB_IRQHandler
                0x08000424                SPI2_IRQHandler
                0x08000424                DMA1_CH1_IRQHandler
                0x08000424                SVC_Handler
                0x08000424                DMA1_CH4_5_IRQHandler
                0x08000424                WWDG_IRQHandler
                0x08000424                USART2_IRQHandler
                0x08000424                FLASH_IRQHandler
                0x08000424                USART1_IRQHandler
                0x08000424                TIM1_BRK_UP_TRG_COM_IRQHandler
                0x08000424                USART3_4_5_6_IRQHandler
 *fill*         0x08000426        0x2 
 .text.__libc_init_array
                0x08000428       0x48 c:/ac6/systemworkbench/plugins/fr.ac6.mcu.externaltools.arm-none.win32_1.17.0.201812190825/tools/compiler/bin/../lib/gcc/arm-none-eabi/7.3.1/../../../../arm-none-eabi/lib/thumb/v6-m\libc_nano.a(lib_a-init.o)
                0x08000428                __libc_init_array
 *(.glue_7)
 .glue_7        0x08000470        0x0 linker stubs
 *(.glue_7t)
 .glue_7t       0x08000470        0x0 linker stubs
 *(.eh_frame)
 .eh_frame      0x08000470        0x0 c:/ac6/systemworkbench/plugins/fr.ac6.mcu.externaltools.arm-none.win32_1.17.0.201812190825/tools/compiler/bin/../lib/gcc/arm-none-eabi/7.3.1/thumb/v6-m/crtbegin.o
 *(.init)
 .init          0x08000470        0x4 c:/ac6/systemworkbench/plugins/fr.ac6.mcu.externaltools.arm-none.win32_1.17.0.201812190825/tools/compiler/bin/../lib/gcc/arm-none-eabi/7.3.1/thumb/v6-m/crti.o
                0x08000470                _init
 .init          0x08000474        0x8 c:/ac6/systemworkbench/plugins/fr.ac6.mcu.externaltools.arm-none.win32_1.17.0.201812190825/tools/compiler/bin/../lib/gcc/arm-none-eabi/7.3.1/thumb/v6-m/crtn.o
 *(.fini)
 .fini          0x0800047c        0x4 c:/ac6/systemworkbench/plugins/fr.ac6.mcu.externaltools.arm-none.win32_1.17.0.201812190825/tools/compiler/bin/../lib/gcc/arm-none-eabi/7.3.1/thumb/v6-m/crti.o
                0x0800047c                _fini
 .fini          0x08000480        0x8 c:/ac6/systemworkbench/plugins/fr.ac6.mcu.externaltools.arm-none.win32_1.17.0.201812190825/tools/compiler/bin/../lib/gcc/arm-none-eabi/7.3.1/thumb/v6-m/crtn.o
                0x08000488                . = ALIGN (0x4)
                0x08000488                _etext = .

.vfp11_veneer   0x08000488        0x0
 .vfp11_veneer  0x08000488        0x0 linker stubs

.v4_bx          0x08000488        0x0
 .v4_bx         0x08000488        0x0 linker stubs

.iplt           0x08000488        0x0
 .iplt          0x08000488        0x0 c:/ac6/systemworkbench/plugins/fr.ac6.mcu.externaltools.arm-none.win32_1.17.0.201812190825/tools/compiler/bin/../lib/gcc/arm-none-eabi/7.3.1/thumb/v6-m/crtbegin.o

.rel.dyn        0x08000488        0x0
 .rel.iplt      0x08000488        0x0 c:/ac6/systemworkbench/plugins/fr.ac6.mcu.externaltools.arm-none.win32_1.17.0.201812190825/tools/compiler/bin/../lib/gcc/arm-none-eabi/7.3.1/thumb/v6-m/crtbegin.o

.rodata         0x08000488        0x0
                0x08000488                . = ALIGN (0x4)
 *(.rodata)
 *(.rodata*)
                0x08000488                . = ALIGN (0x4)

.ARM.extab      0x08000488        0x0
                0x08000488                . = ALIGN (0x4)
 *(.ARM.extab* .gnu.linkonce.armextab.*)
                0x08000488                . = ALIGN (0x4)

.ARM            0x08000488        0x0
                0x08000488                . = ALIGN (0x4)
                0x08000488                __exidx_start = .
 *(.ARM.exidx*)
                0x08000488                __exidx_end = .
                0x08000488                . = ALIGN (0x4)

.preinit_array  0x08000488        0x0
                0x08000488                . = ALIGN (0x4)
                0x08000488                PROVIDE (__preinit_array_start = .)
 *(.preinit_array*)
                0x08000488                PROVIDE (__preinit_array_end = .)
                0x08000488                . = ALIGN (0x4)

.init_array     0x08000488        0xc
                0x08000488                . = ALIGN (0x4)
                0x08000488                PROVIDE (__init_array_start = .)
 *(SORT_BY_NAME(.init_array.*))
 *(.init_array*)
 .init_array    0x08000488        0x4 c:/ac6/systemworkbench/plugins/fr.ac6.mcu.externaltools.arm-none.win32_1.17.0.201812190825/tools/compiler/bin/../lib/gcc/arm-none-eabi/7.3.1/thumb/v6-m/crtbegin.o
 .init_array    0x0800048c        0x4 src/ADC/internal/ADC.o
 .init_array    0x08000490        0x4 src/flash/spi/SPIFlash.o
                0x08000494                PROVIDE (__init_array_end = .)
                0x08000494                . = ALIGN (0x4)

.fini_array     0x08000494        0x4
                0x08000494                . = ALIGN (0x4)
                [!provide]                PROVIDE (__fini_array_start = .)
 *(SORT_BY_NAME(.fini_array.*))
 *(.fini_array*)
 .fini_array    0x08000494        0x4 c:/ac6/systemworkbench/plugins/fr.ac6.mcu.externaltools.arm-none.win32_1.17.0.201812190825/tools/compiler/bin/../lib/gcc/arm-none-eabi/7.3.1/thumb/v6-m/crtbegin.o
                [!provide]                PROVIDE (__fini_array_end = .)
                0x08000498                . = ALIGN (0x4)
                0x08000498                _sidata = LOADADDR (.data)

.data           0x20000000        0x8 load address 0x08000498
                0x20000000                . = ALIGN (0x4)
                0x20000000                _sdata = .
 *(.data)
 *(.data*)
 .data._ZN15static_GpioBaseILm1207960576EE5mPortE
                0x20000000        0x4 src/main.o
                0x20000000                static_GpioBase<1207960576ul>::mPort
 .data._ZN15static_GpioBaseILm1207961600EE5mPortE
                0x20000004        0x4 src/main.o
                0x20000004                static_GpioBase<1207961600ul>::mPort
                0x20000008                . = ALIGN (0x4)
                0x20000008                _edata = .

.igot.plt       0x20000008        0x0 load address 0x080004a0
 .igot.plt      0x20000008        0x0 c:/ac6/systemworkbench/plugins/fr.ac6.mcu.externaltools.arm-none.win32_1.17.0.201812190825/tools/compiler/bin/../lib/gcc/arm-none-eabi/7.3.1/thumb/v6-m/crtbegin.o
                0x20000008                . = ALIGN (0x4)

.bss            0x20000008       0x30 load address 0x080004a0
                0x20000008                _sbss = .
                0x20000008                __bss_start__ = _sbss
 *(.bss)
 .bss           0x20000008       0x1c c:/ac6/systemworkbench/plugins/fr.ac6.mcu.externaltools.arm-none.win32_1.17.0.201812190825/tools/compiler/bin/../lib/gcc/arm-none-eabi/7.3.1/thumb/v6-m/crtbegin.o
 .bss           0x20000024        0xc src/ADC/internal/ADC.o
                0x20000024                ADC_DMA_Class::timeout
                0x2000002c                ADC_Class::tmpreg
 .bss           0x20000030        0x4 src/Arduino/Basic.o
                0x20000030                System_Clock
 .bss           0x20000034        0x1 src/flash/spi/SPIFlash.o
                0x20000034                spiflash::diagnostics
 *(.bss*)
 *(COMMON)
                0x20000038                . = ALIGN (0x4)
 *fill*         0x20000035        0x3 
                0x20000038                _ebss = .
                0x20000038                __bss_end__ = _ebss

._user_heap_stack
                0x20000038        0x0 load address 0x080004a0
                0x20000038                . = ALIGN (0x8)
                0x20000038                PROVIDE (end = .)
                [!provide]                PROVIDE (_end = .)
                0x20000038                . = (. + _Min_Heap_Size)
                0x20000038                . = (. + _Min_Stack_Size)
                0x20000038                . = ALIGN (0x8)

/DISCARD/
 libc.a(*)
 libm.a(*)
 libgcc.a(*)

.ARM.attributes
                0x00000000       0x28
 *(.ARM.attributes)
 .ARM.attributes
                0x00000000       0x1e c:/ac6/systemworkbench/plugins/fr.ac6.mcu.externaltools.arm-none.win32_1.17.0.201812190825/tools/compiler/bin/../lib/gcc/arm-none-eabi/7.3.1/thumb/v6-m/crti.o
 .ARM.attributes
                0x0000001e       0x2c c:/ac6/systemworkbench/plugins/fr.ac6.mcu.externaltools.arm-none.win32_1.17.0.201812190825/tools/compiler/bin/../lib/gcc/arm-none-eabi/7.3.1/thumb/v6-m/crtbegin.o
 .ARM.attributes
                0x0000004a       0x31 src/ADC/internal/ADC.o
 .ARM.attributes
                0x0000007b       0x31 src/Arduino/Basic.o
 .ARM.attributes
                0x000000ac       0x31 src/flash/spi/SPIFlash.o
 .ARM.attributes
                0x000000dd       0x31 src/main.o
 .ARM.attributes
                0x0000010e       0x31 src/system_stm32f0xx.o
 .ARM.attributes
                0x0000013f       0x21 startup/startup_stm32.o
 .ARM.attributes
                0x00000160       0x2c c:/ac6/systemworkbench/plugins/fr.ac6.mcu.externaltools.arm-none.win32_1.17.0.201812190825/tools/compiler/bin/../lib/gcc/arm-none-eabi/7.3.1/../../../../arm-none-eabi/lib/thumb/v6-m\libc_nano.a(lib_a-init.o)
 .ARM.attributes
                0x0000018c       0x1e c:/ac6/systemworkbench/plugins/fr.ac6.mcu.externaltools.arm-none.win32_1.17.0.201812190825/tools/compiler/bin/../lib/gcc/arm-none-eabi/7.3.1/thumb/v6-m/crtn.o
OUTPUT(StaticGpioTest.elf elf32-littlearm)

.debug_info     0x00000000    0x18bc4
 .debug_info    0x00000000     0x57d2 src/ADC/internal/ADC.o
 .debug_info    0x000057d2     0x596f src/Arduino/Basic.o
 .debug_info    0x0000b141     0x7b68 src/flash/spi/SPIFlash.o
 .debug_info    0x00012ca9     0x5bd7 src/main.o
 .debug_info    0x00018880      0x322 src/system_stm32f0xx.o
 .debug_info    0x00018ba2       0x22 startup/startup_stm32.o

.debug_abbrev   0x00000000     0x2860
 .debug_abbrev  0x00000000      0x8a8 src/ADC/internal/ADC.o
 .debug_abbrev  0x000008a8      0xa02 src/Arduino/Basic.o
 .debug_abbrev  0x000012aa      0xb76 src/flash/spi/SPIFlash.o
 .debug_abbrev  0x00001e20      0x8bd src/main.o
 .debug_abbrev  0x000026dd      0x171 src/system_stm32f0xx.o
 .debug_abbrev  0x0000284e       0x12 startup/startup_stm32.o

.debug_loc      0x00000000     0x190f
 .debug_loc     0x00000000       0x2a src/ADC/internal/ADC.o
 .debug_loc     0x0000002a      0x4f7 src/Arduino/Basic.o
 .debug_loc     0x00000521     0x10c2 src/flash/spi/SPIFlash.o
 .debug_loc     0x000015e3      0x22d src/main.o
 .debug_loc     0x00001810       0xff src/system_stm32f0xx.o

.debug_aranges  0x00000000      0x228
 .debug_aranges
                0x00000000       0x20 src/ADC/internal/ADC.o
 .debug_aranges
                0x00000020       0xb8 src/Arduino/Basic.o
 .debug_aranges
                0x000000d8       0xe0 src/flash/spi/SPIFlash.o
 .debug_aranges
                0x000001b8       0x20 src/main.o
 .debug_aranges
                0x000001d8       0x28 src/system_stm32f0xx.o
 .debug_aranges
                0x00000200       0x28 startup/startup_stm32.o

.debug_ranges   0x00000000      0x510
 .debug_ranges  0x00000000       0x58 src/ADC/internal/ADC.o
 .debug_ranges  0x00000058      0x140 src/Arduino/Basic.o
 .debug_ranges  0x00000198      0x1e8 src/flash/spi/SPIFlash.o
 .debug_ranges  0x00000380      0x140 src/main.o
 .debug_ranges  0x000004c0       0x30 src/system_stm32f0xx.o
 .debug_ranges  0x000004f0       0x20 startup/startup_stm32.o

.debug_macro    0x00000000     0x6f8b
 .debug_macro   0x00000000      0xa83 src/ADC/internal/ADC.o
 .debug_macro   0x00000a83      0xb3e src/ADC/internal/ADC.o
 .debug_macro   0x000015c1      0x168 src/ADC/internal/ADC.o
 .debug_macro   0x00001729       0x10 src/ADC/internal/ADC.o
 .debug_macro   0x00001739      0x3ed src/ADC/internal/ADC.o
 .debug_macro   0x00001b26       0x10 src/ADC/internal/ADC.o
 .debug_macro   0x00001b36       0x18 src/ADC/internal/ADC.o
 .debug_macro   0x00001b4e       0x58 src/ADC/internal/ADC.o
 .debug_macro   0x00001ba6       0x5c src/ADC/internal/ADC.o
 .debug_macro   0x00001c02       0x35 src/ADC/internal/ADC.o
 .debug_macro   0x00001c37       0x34 src/ADC/internal/ADC.o
 .debug_macro   0x00001c6b       0x16 src/ADC/internal/ADC.o
 .debug_macro   0x00001c81      0x10e src/ADC/internal/ADC.o
 .debug_macro   0x00001d8f       0x94 src/ADC/internal/ADC.o
 .debug_macro   0x00001e23       0x57 src/ADC/internal/ADC.o
 .debug_macro   0x00001e7a       0x58 src/ADC/internal/ADC.o
 .debug_macro   0x00001ed2       0x1f src/ADC/internal/ADC.o
 .debug_macro   0x00001ef1       0x43 src/ADC/internal/ADC.o
 .debug_macro   0x00001f34       0x20 src/ADC/internal/ADC.o
 .debug_macro   0x00001f54      0x18e src/ADC/internal/ADC.o
 .debug_macro   0x000020e2      0x353 src/ADC/internal/ADC.o
 .debug_macro   0x00002435       0x22 src/ADC/internal/ADC.o
 .debug_macro   0x00002457       0x1c src/ADC/internal/ADC.o
 .debug_macro   0x00002473       0xde src/ADC/internal/ADC.o
 .debug_macro   0x00002551       0x16 src/ADC/internal/ADC.o
 .debug_macro   0x00002567       0x16 src/ADC/internal/ADC.o
 .debug_macro   0x0000257d       0x35 src/ADC/internal/ADC.o
 .debug_macro   0x000025b2       0x18 src/ADC/internal/ADC.o
 .debug_macro   0x000025ca       0xd7 src/ADC/internal/ADC.o
 .debug_macro   0x000026a1      0x3cd src/ADC/internal/ADC.o
 .debug_macro   0x00002a6e      0xd88 src/ADC/internal/ADC.o
 .debug_macro   0x000037f6       0x34 src/ADC/internal/ADC.o
 .debug_macro   0x0000382a       0x1c src/ADC/internal/ADC.o
 .debug_macro   0x00003846      0x242 src/ADC/internal/ADC.o
 .debug_macro   0x00003a88       0x10 src/ADC/internal/ADC.o
 .debug_macro   0x00003a98      0x4cc src/ADC/internal/ADC.o
 .debug_macro   0x00003f64       0x1c src/ADC/internal/ADC.o
 .debug_macro   0x00003f80       0x10 src/ADC/internal/ADC.o
 .debug_macro   0x00003f90       0x10 src/ADC/internal/ADC.o
 .debug_macro   0x00003fa0       0xb6 src/ADC/internal/ADC.o
 .debug_macro   0x00004056       0x16 src/ADC/internal/ADC.o
 .debug_macro   0x0000406c      0x114 src/ADC/internal/ADC.o
 .debug_macro   0x00004180       0x52 src/ADC/internal/ADC.o
 .debug_macro   0x000041d2       0x33 src/ADC/internal/ADC.o
 .debug_macro   0x00004205       0xf6 src/ADC/internal/ADC.o
 .debug_macro   0x000042fb       0x28 src/ADC/internal/ADC.o
 .debug_macro   0x00004323       0x8e src/ADC/internal/ADC.o
 .debug_macro   0x000043b1       0x28 src/ADC/internal/ADC.o
 .debug_macro   0x000043d9       0x2e src/ADC/internal/ADC.o
 .debug_macro   0x00004407       0x18 src/ADC/internal/ADC.o
 .debug_macro   0x0000441f       0x19 src/ADC/internal/ADC.o
 .debug_macro   0x00004438       0x22 src/ADC/internal/ADC.o
 .debug_macro   0x0000445a       0x3c src/ADC/internal/ADC.o
 .debug_macro   0x00004496       0x32 src/ADC/internal/ADC.o
 .debug_macro   0x000044c8      0x173 src/ADC/internal/ADC.o
 .debug_macro   0x0000463b       0x1c src/ADC/internal/ADC.o
 .debug_macro   0x00004657       0x10 src/ADC/internal/ADC.o
 .debug_macro   0x00004667       0x6e src/ADC/internal/ADC.o
 .debug_macro   0x000046d5       0x76 src/ADC/internal/ADC.o
 .debug_macro   0x0000474b       0x19 src/ADC/internal/ADC.o
 .debug_macro   0x00004764       0x10 src/ADC/internal/ADC.o
 .debug_macro   0x00004774       0x2e src/ADC/internal/ADC.o
 .debug_macro   0x000047a2       0x16 src/ADC/internal/ADC.o
 .debug_macro   0x000047b8       0x40 src/ADC/internal/ADC.o
 .debug_macro   0x000047f8       0x5e src/ADC/internal/ADC.o
 .debug_macro   0x00004856       0x11 src/ADC/internal/ADC.o
 .debug_macro   0x00004867       0x2f src/ADC/internal/ADC.o
 .debug_macro   0x00004896       0x16 src/ADC/internal/ADC.o
 .debug_macro   0x000048ac       0x17 src/ADC/internal/ADC.o
 .debug_macro   0x000048c3       0x11 src/ADC/internal/ADC.o
 .debug_macro   0x000048d4       0x10 src/ADC/internal/ADC.o
 .debug_macro   0x000048e4      0x11d src/ADC/internal/ADC.o
 .debug_macro   0x00004a01       0x10 src/ADC/internal/ADC.o
 .debug_macro   0x00004a11      0x241 src/ADC/internal/ADC.o
 .debug_macro   0x00004c52       0x17 src/ADC/internal/ADC.o
 .debug_macro   0x00004c69       0x10 src/ADC/internal/ADC.o
 .debug_macro   0x00004c79       0x10 src/ADC/internal/ADC.o
 .debug_macro   0x00004c89       0x76 src/ADC/internal/ADC.o
 .debug_macro   0x00004cff       0x16 src/ADC/internal/ADC.o
 .debug_macro   0x00004d15       0x20 src/ADC/internal/ADC.o
 .debug_macro   0x00004d35       0x16 src/ADC/internal/ADC.o
 .debug_macro   0x00004d4b       0x11 src/ADC/internal/ADC.o
 .debug_macro   0x00004d5c       0x10 src/ADC/internal/ADC.o
 .debug_macro   0x00004d6c       0x17 src/ADC/internal/ADC.o
 .debug_macro   0x00004d83       0x46 src/ADC/internal/ADC.o
 .debug_macro   0x00004dc9       0x11 src/ADC/internal/ADC.o
 .debug_macro   0x00004dda       0x16 src/ADC/internal/ADC.o
 .debug_macro   0x00004df0       0x10 src/ADC/internal/ADC.o
 .debug_macro   0x00004e00       0x10 src/ADC/internal/ADC.o
 .debug_macro   0x00004e10       0x2e src/ADC/internal/ADC.o
 .debug_macro   0x00004e3e       0x40 src/ADC/internal/ADC.o
 .debug_macro   0x00004e7e       0x3b src/ADC/internal/ADC.o
 .debug_macro   0x00004eb9      0xa56 src/Arduino/Basic.o
 .debug_macro   0x0000590f      0xa9a src/flash/spi/SPIFlash.o
 .debug_macro   0x000063a9       0x10 src/flash/spi/SPIFlash.o
 .debug_macro   0x000063b9      0xa49 src/main.o
 .debug_macro   0x00006e02      0x189 src/system_stm32f0xx.o

.debug_line     0x00000000     0x67c4
 .debug_line    0x00000000     0x1613 src/ADC/internal/ADC.o
 .debug_line    0x00001613     0x17e0 src/Arduino/Basic.o
 .debug_line    0x00002df3     0x1b9f src/flash/spi/SPIFlash.o
 .debug_line    0x00004992     0x174f src/main.o
 .debug_line    0x000060e1      0x667 src/system_stm32f0xx.o
 .debug_line    0x00006748       0x7c startup/startup_stm32.o

.debug_str      0x00000000    0x5c2c5
 .debug_str     0x00000000    0x59652 src/ADC/internal/ADC.o
                              0x59e9e (size before relaxing)
 .debug_str     0x00059652      0x849 src/Arduino/Basic.o
                              0x5940c (size before relaxing)
 .debug_str     0x00059e9b     0x143f src/flash/spi/SPIFlash.o
                              0x5acd3 (size before relaxing)
 .debug_str     0x0005b2da      0xc99 src/main.o
                              0x59aab (size before relaxing)
 .debug_str     0x0005bf73      0x329 src/system_stm32f0xx.o
                              0x4a9cf (size before relaxing)
 .debug_str     0x0005c29c       0x29 startup/startup_stm32.o
                                 0x77 (size before relaxing)

.comment        0x00000000       0x7f
 .comment       0x00000000       0x7f src/ADC/internal/ADC.o
                                 0x80 (size before relaxing)
 .comment       0x0000007f       0x80 src/Arduino/Basic.o
 .comment       0x0000007f       0x80 src/flash/spi/SPIFlash.o
 .comment       0x0000007f       0x80 src/main.o
 .comment       0x0000007f       0x80 src/system_stm32f0xx.o

.debug_frame    0x00000000      0x5bc
 .debug_frame   0x00000000       0x20 src/ADC/internal/ADC.o
 .debug_frame   0x00000020      0x23c src/Arduino/Basic.o
 .debug_frame   0x0000025c      0x2bc src/flash/spi/SPIFlash.o
 .debug_frame   0x00000518       0x30 src/main.o
 .debug_frame   0x00000548       0x48 src/system_stm32f0xx.o
 .debug_frame   0x00000590       0x2c c:/ac6/systemworkbench/plugins/fr.ac6.mcu.externaltools.arm-none.win32_1.17.0.201812190825/tools/compiler/bin/../lib/gcc/arm-none-eabi/7.3.1/../../../../arm-none-eabi/lib/thumb/v6-m\libc_nano.a(lib_a-init.o)
